#-----------------------------------------------------------
# Vivado v2023.2 (64-bit)
# SW Build 4029153 on Fri Oct 13 20:13:54 MDT 2023
# IP Build 4028589 on Sat Oct 14 00:45:43 MDT 2023
# SharedData Build 4025554 on Tue Oct 10 17:18:54 MDT 2023
# Start of session at: Fri Jan 24 23:31:23 2025
# Process ID: 1513455
# Current directory: /home/iwolfs/Work/Projects/fpga_project/xilinx/xilinx-experiments/test_project/pwm/pwm.runs/impl_1
# Command line: vivado -log pwm.vdi -applog -product Vivado -messageDb vivado.pb -mode batch -source pwm.tcl -notrace
# Log file: /home/iwolfs/Work/Projects/fpga_project/xilinx/xilinx-experiments/test_project/pwm/pwm.runs/impl_1/pwm.vdi
# Journal file: /home/iwolfs/Work/Projects/fpga_project/xilinx/xilinx-experiments/test_project/pwm/pwm.runs/impl_1/vivado.jou
# Running On: iwolfs-Aspire-A14-51z, OS: Linux, CPU Frequency: 1674.402 MHz, CPU Physical cores: 10, Host memory: 16458 MB
#-----------------------------------------------------------
source pwm.tcl -notrace
