#-----------------------------------------------------------
# Vivado v2023.2 (64-bit)
# SW Build 4029153 on Fri Oct 13 20:13:54 MDT 2023
# IP Build 4028589 on Sat Oct 14 00:45:43 MDT 2023
# SharedData Build 4025554 on Tue Oct 10 17:18:54 MDT 2023
# Start of session at: Sat Jan 25 14:26:14 2025
# Process ID: 1551134
# Current directory: /home/iwolfs/Work/Projects/fpga_project/xilinx/xilinx-experiments/test_project/pwm_vhdl/pwm_vhdl.runs/synth_1
# Command line: vivado -log pwm.vds -product Vivado -mode batch -messageDb vivado.pb -notrace -source pwm.tcl
# Log file: /home/iwolfs/Work/Projects/fpga_project/xilinx/xilinx-experiments/test_project/pwm_vhdl/pwm_vhdl.runs/synth_1/pwm.vds
# Journal file: /home/iwolfs/Work/Projects/fpga_project/xilinx/xilinx-experiments/test_project/pwm_vhdl/pwm_vhdl.runs/synth_1/vivado.jou
# Running On: iwolfs-Aspire-A14-51z, OS: Linux, CPU Frequency: 2987.294 MHz, CPU Physical cores: 10, Host memory: 16458 MB
#-----------------------------------------------------------
source pwm.tcl -notrace
